[demo2.wpopal.com/rominal/home-2/index.html]
[backblue.gif]
[fade.gif]
[index.html]
[demo2wpopal.b-cdn.net/rominal/wp-content/cache/min/1/rominal/wp-content/plugins/awesome-weather/awesome-weather-9053c5b50fd89ca959c0dea16dc564e7.css]
[demo2wpopal.b-cdn.net/rominal/wp-content/plugins/ba-book-everything/js/ion.rangeSlider/ion.rangeSlider.min6d33.css]
[demo2wpopal.b-cdn.net/rominal/wp-content/cache/min/1/rominal/wp-content/plugins/ba-book-everything/css/daterangepicker-7e7c8bfba41b573e56a38ea32ac9987d.css]
[demo2wpopal.b-cdn.net/rominal/wp-content/plugins/ba-book-everything/css/select2.min6d33.css]
[demo2wpopal.b-cdn.net/rominal/wp-content/cache/min/1/rominal/wp-content/plugins/ba-book-everything/css/babe-modal-486e2b1053d780175ec37d8af74746dc.css]
[demo2wpopal.b-cdn.net/rominal/wp-content/plugins/ba-book-everything/css/jquery-ui.min35d0.css]
[demo2wpopal.b-cdn.net/rominal/wp-content/cache/min/1/rominal/wp-content/plugins/opal-demo/style-3420ef61bd7e40ca53b743012d41fdb1.css]
[demo2wpopal.b-cdn.net/rominal/wp-content/cache/min/1/rominal/wp-content/plugins/revslider/public/assets/css/rs6-b3a5f5aa49e38d39c3dcc4a09321c1ff.css]
[demo2wpopal.b-cdn.net/rominal/wp-content/cache/min/1/rominal/wp-content/themes/rominal/style-987f0d3d34490fe48d7f7f71b076a32d.css]
[demo2wpopal.b-cdn.net/rominal/wp-content/plugins/elementor/assets/css/frontend.mine5ca.css]
[demo2wpopal.b-cdn.net/rominal/wp-content/cache/min/1/rominal/wp-content/uploads/elementor/css/post-4-91fc61352612ed369a9b009b900b544d.css]
[demo2wpopal.b-cdn.net/rominal/wp-content/cache/min/1/rominal/wp-content/themes/rominal/assets/css/libs/magnific-popup-e15e547a08f0c29245b74dfeb538acee.css]
[demo2wpopal.b-cdn.net/rominal/wp-content/themes/rominal/assets/css/libs/tooltipster.bundle.minf269.css]
[demo2wpopal.b-cdn.net/rominal/wp-content/plugins/elementor/assets/lib/eicons/css/elementor-icons.min21f9.css]
[demo2wpopal.b-cdn.net/rominal/wp-content/plugins/elementor/assets/lib/animations/animations.mine5ca.css]
[demo2wpopal.b-cdn.net/rominal/wp-content/plugins/elementor-pro/assets/css/frontend.minee9a.css]
[demo2wpopal.b-cdn.net/rominal/wp-content/plugins/elementor/assets/lib/font-awesome/css/all.mine5ca.css]
[demo2wpopal.b-cdn.net/rominal/wp-content/plugins/elementor/assets/lib/font-awesome/css/v4-shims.mine5ca.css]
[demo2wpopal.b-cdn.net/rominal/wp-content/cache/min/1/rominal/wp-content/uploads/elementor/css/global-1d97641d82b34144c94f765a3a8b49df.css]
[demo2wpopal.b-cdn.net/rominal/wp-content/cache/min/1/rominal/wp-content/uploads/elementor/css/post-14-12a112dad9e9ea90cd159192e36b8906.css]
[demo2wpopal.b-cdn.net/rominal/wp-content/cache/min/1/rominal/wp-content/uploads/elementor/css/post-3655-86b46e81317f7503f83e09f8707ae1fc.css]
[demo2wpopal.b-cdn.net/rominal/wp-content/cache/min/1/rominal/wp-content/uploads/elementor/css/post-676-521f1c58a8ea81a3806ba1ba73db222a.css]
[demo2wpopal.b-cdn.net/rominal/wp-content/cache/min/1/rominal/wp-content/themes/rominal/assets/css/base/elementor-58628732951896c52f0a3a7e23264fc9.css]
[demo2wpopal.b-cdn.net/rominal/wp-content/themes/demo-child/style8a54.css]
[demo2wpopal.b-cdn.net/rominal/wp-content/plugins/elementor/assets/lib/font-awesome/css/fontawesome.min9e0b.css]
[demo2wpopal.b-cdn.net/rominal/wp-content/plugins/elementor/assets/lib/font-awesome/css/solid.min9e0b.css]
[demo2wpopal.b-cdn.net/rominal/wp-content/plugins/elementor/assets/lib/font-awesome/css/brands.min9e0b.css]
[demo2wpopal.b-cdn.net/rominal/wp-includes/js/jquery/jquery.min9d52.js]
[demo2wpopal.b-cdn.net/rominal/wp-content/uploads/2021/04/revslider_h2_bg-1-1.jpg]
[demo2wpopal.b-cdn.net/rominal/wp-content/uploads/2021/04/revslider_h2_bg-2-1.jpg]
[demo2wpopal.b-cdn.net/rominal/wp-content/uploads/2021/04/revslider_h2-1_img-1.jpg]
[demo2wpopal.b-cdn.net/rominal/wp-content/uploads/2021/04/revslider_h2-1_img-2.jpg]
[demo2wpopal.b-cdn.net/rominal/wp-content/uploads/2021/04/revslider_h2-1_img-3.jpg]
[demo2wpopal.b-cdn.net/rominal/wp-content/uploads/2021/04/revslider_h2-1_img-4.jpg]
[demo2.wpopal.com/cdn-cgi/scripts/5c5dd728/cloudflare-static/email-decode.min.js]
[demo2.wpopal.com/rominal/home-2/index.html]
[demo2wpopal.b-cdn.net/rominal/wp-content/cache/min/1/rominal/wp-content/plugins/awesome-weather/awesome-weather-9053c5b50fd89ca959c0dea16dc564e7.css]
[demo2wpopal.b-cdn.net/rominal/wp-content/plugins/ba-book-everything/js/ion.rangeSlider/ion.rangeSlider.min6d33.css]
[demo2wpopal.b-cdn.net/rominal/wp-content/cache/min/1/rominal/wp-content/plugins/ba-book-everything/css/daterangepicker-7e7c8bfba41b573e56a38ea32ac9987d.css]
[demo2wpopal.b-cdn.net/rominal/wp-content/plugins/ba-book-everything/css/select2.min6d33.css]
[demo2wpopal.b-cdn.net/rominal/wp-content/cache/min/1/rominal/wp-content/plugins/ba-book-everything/css/babe-modal-486e2b1053d780175ec37d8af74746dc.css]
[demo2wpopal.b-cdn.net/rominal/wp-content/cache/min/1/11fc9b38fc584dfa7c50ce064228b4a6.js]
[demo2wpopal.b-cdn.net/rominal/wp-content/plugins/ba-book-everything/css/img/ui-icons_444444_256x240.png]
[demo2wpopal.b-cdn.net/rominal/wp-content/plugins/ba-book-everything/css/img/ui-icons_555555_256x240.png]
[demo2wpopal.b-cdn.net/rominal/wp-content/plugins/ba-book-everything/css/img/ui-icons_ffffff_256x240.png]
[demo2wpopal.b-cdn.net/rominal/wp-content/plugins/ba-book-everything/css/img/ui-icons_777620_256x240.png]
[demo2wpopal.b-cdn.net/rominal/wp-content/plugins/ba-book-everything/css/img/ui-icons_cc0000_256x240.png]
[demo2wpopal.b-cdn.net/rominal/wp-content/plugins/ba-book-everything/css/img/ui-icons_777777_256x240.png]
[demo2wpopal.b-cdn.net/rominal/wp-content/plugins/ba-book-everything/css/jquery-ui.min35d0.css]
[demo2wpopal.b-cdn.net/rominal/wp-content/cache/min/1/rominal/wp-content/plugins/opal-demo/style-3420ef61bd7e40ca53b743012d41fdb1.css]
[demo2wpopal.b-cdn.net/rominal/wp-content/plugins/revslider/public/assets/assets/gridtile.png]
[demo2wpopal.b-cdn.net/rominal/wp-content/plugins/revslider/public/assets/assets/gridtile_white.png]
[demo2wpopal.b-cdn.net/rominal/wp-content/plugins/revslider/public/assets/assets/gridtile_3x3.png]
[demo2wpopal.b-cdn.net/rominal/wp-content/plugins/revslider/public/assets/assets/gridtile_3x3_white.png]
[demo2wpopal.b-cdn.net/rominal/wp-content/plugins/revslider/public/assets/assets/coloredbg.png]
[demo2wpopal.b-cdn.net/rominal/wp-content/plugins/revslider/public/assets/assets/loader.gif]
[demo2wpopal.b-cdn.net/rominal/wp-content/cache/min/1/rominal/wp-content/plugins/revslider/public/assets/css/rs6-b3a5f5aa49e38d39c3dcc4a09321c1ff.css]
[demo2wpopal.b-cdn.net/rominal/wp-content/themes/rominal/assets/images/404/404_bg.png]
[demo2wpopal.b-cdn.net/rominal/wp-content/themes/rominal/assets/images/base/select_arrow.png]
[demo2wpopal.b-cdn.net/rominal/wp-content/themes/rominal/assets/images/slick/ajax-loader.gif]
[demo2wpopal.b-cdn.net/rominal/wp-content/cache/min/1/rominal/wp-content/themes/rominal/style-987f0d3d34490fe48d7f7f71b076a32d.css]
[demo2wpopal.b-cdn.net/rominal/wp-content/plugins/elementor/assets/css/frontend.mine5ca.css]
[demo2wpopal.b-cdn.net/rominal/wp-content/cache/min/1/rominal/wp-content/uploads/elementor/css/post-4-91fc61352612ed369a9b009b900b544d.css]
[demo2wpopal.b-cdn.net/rominal/wp-content/cache/min/1/rominal/wp-content/themes/rominal/assets/css/libs/magnific-popup-e15e547a08f0c29245b74dfeb538acee.css]
[demo2wpopal.b-cdn.net/rominal/wp-content/themes/rominal/assets/css/libs/tooltipster.bundle.minf269.css]
[demo2wpopal.b-cdn.net/rominal/wp-content/plugins/elementor/assets/lib/eicons/css/elementor-icons.min21f9.css]
[demo2wpopal.b-cdn.net/rominal/wp-content/plugins/elementor/assets/lib/animations/animations.mine5ca.css]
[demo2wpopal.b-cdn.net/rominal/wp-content/plugins/elementor-pro/assets/css/frontend.minee9a.css]
[demo2wpopal.b-cdn.net/rominal/wp-content/plugins/elementor/assets/lib/font-awesome/css/all.mine5ca.css]
[demo2wpopal.b-cdn.net/rominal/wp-content/plugins/elementor/assets/lib/font-awesome/css/v4-shims.mine5ca.css]
[demo2wpopal.b-cdn.net/rominal/wp-content/cache/min/1/rominal/wp-content/uploads/elementor/css/global-1d97641d82b34144c94f765a3a8b49df.css]
[demo2wpopal.b-cdn.net/rominal/wp-content/uploads/2021/04/h2_bg-1.jpg]
[demo2wpopal.b-cdn.net/rominal/wp-content/cache/min/1/rominal/wp-content/uploads/elementor/css/post-14-12a112dad9e9ea90cd159192e36b8906.css]
[demo2wpopal.b-cdn.net/rominal/wp-content/cache/min/1/rominal/wp-content/plugins/ba-book-everything/css/admin/babe-admin-elementor-82241d35fd8a815584858a40e12897f0.css]
[demo2wpopal.b-cdn.net/rominal/wp-content/uploads/2021/04/breadcrumb.jpg]
[demo2wpopal.b-cdn.net/rominal/wp-content/cache/min/1/rominal/wp-content/uploads/elementor/css/post-3655-86b46e81317f7503f83e09f8707ae1fc.css]
[demo2wpopal.b-cdn.net/rominal/wp-content/cache/min/1/rominal/wp-content/uploads/elementor/css/post-676-521f1c58a8ea81a3806ba1ba73db222a.css]
[demo2wpopal.b-cdn.net/rominal/wp-content/cache/min/1/rominal/wp-content/themes/rominal/assets/css/base/elementor-58628732951896c52f0a3a7e23264fc9.css]
[demo2wpopal.b-cdn.net/rominal/wp-content/themes/demo-child/style8a54.css]
[demo2wpopal.b-cdn.net/rominal/wp-content/plugins/elementor/assets/lib/font-awesome/css/fontawesome.min9e0b.css]
[demo2wpopal.b-cdn.net/rominal/wp-content/plugins/elementor/assets/lib/font-awesome/css/solid.min9e0b.css]
[demo2wpopal.b-cdn.net/rominal/wp-content/plugins/elementor/assets/lib/font-awesome/css/brands.min9e0b.css]
